// Jest Snapshot v1, https://goo.gl/fbAQLP

exports[`Serializes BUILD_TARGET 1`] = `
Object {
  "APP_ROOT": Any<String>,
  "APP_TEST_IS_CLIENT": "true",
  "APP_TEST_OVERRIDE": "overridden",
  "APP_TEST_PATH": "one/two/three.js",
  "BUILD_TARGET": "client",
  "NODE_ENV": "test",
}
`;

exports[`Serializes BUILD_TARGET 2`] = `
Object {
  "APP_ROOT": Any<String>,
  "APP_TEST_IS_CLIENT": "\\"true\\"",
  "APP_TEST_OVERRIDE": "\\"overridden\\"",
  "APP_TEST_PATH": "\\"one/two/three.js\\"",
  "BUILD_TARGET": "\\"client\\"",
  "NODE_ENV": "\\"test\\"",
}
`;
