// Jest Snapshot v1, https://goo.gl/fbAQLP

exports[`Defaults to development for NODE_ENV 1`] = `
Object {
  "APP_TEST_OVERRIDE": "original",
  "APP_TEST_PATH": "one/two/three.js",
  "TEST_IGNORE": "123",
}
`;

exports[`Defaults to development for NODE_ENV 2`] = `
Object {
  "APP_TEST_OVERRIDE": "\\"original\\"",
  "APP_TEST_PATH": "\\"one/two/three.js\\"",
  "TEST_IGNORE": "\\"123\\"",
}
`;
